// Jest Snapshot v1, https://goo.gl/fbAQLP

exports[`App test snapshot 1`] = `
<DocumentFragment>
  <div>
    React App
  </div>
</DocumentFragment>
`;
